// Jest Snapshot v1, https://goo.gl/fbAQLP

exports[`answersReducer should return default state initially 1`] = `Array []`;
